View "Exported field " {
ST (0,0,0,1,0,0,0,1,0) {-1.35542E-11,1,1};
};