View "Exported field " {
ST (0,0,0,1,0,0,0,1,0) {-4.89698E-15,1,1};
ST (1,0,0,1,1,0,0,1,0) {1,-1.2439E-14,1};
};