View "Exported field " {
ST (0,0,0,1,0,0,0,1,0) {-8.1271E-13,1,1};
};