View "Exported field " {
ST (0,0,0,1,0,0,0,1,0) {-8.1271E-13,1,1};
ST (1,0,0,1,1,0,0,1,0) {1,-2.01336E-12,1};
};