View "Exported field " {
ST (0,0,0,1,0,0,0,1,0) {-7.79513E-12,1,-1};
};