View "Exported field " {
ST (0,1,0,0,0.5,0,0.336056,0.668219,0) {1,0.25,0.110332};
ST (0,0.5,0,0.336106,0.334176,0,0.336056,0.668219,0) {0.25,3.7249E-06,0.110332};
ST (0,0.5,0,0,0,0,0.336106,0.334176,0) {0.25,4.17356E-14,3.7249E-06};
ST (0.336056,0.668219,0,0.336106,0.334176,0,0.504914,0.501654,0) {0.110332,3.7249E-06,1.06276E-05};
ST (1,0,0,1,0.5,0,0.669595,0.334123,0) {1,0.25,0.112541};
ST (1,0.5,0,0.669222,0.667849,0,0.669595,0.334123,0) {0.25,1.88513E-06,0.112541};
ST (1,0.5,0,1,1,0,0.669222,0.667849,0) {0.25,4.15505E-14,1.88513E-06};
ST (0.669595,0.334123,0,0.669222,0.667849,0,0.504914,0.501654,0) {0.112541,1.88513E-06,1.06276E-05};
ST (0.504914,0.501654,0,0.336106,0.334176,0,0.669595,0.334123,0) {1.06276E-05,3.7249E-06,0.112541};
ST (0.336106,0.334176,0,0.5,0,0,0.669595,0.334123,0) {3.7249E-06,0.25,0.112541};
ST (0.336106,0.334176,0,0,0,0,0.5,0,0) {3.7249E-06,2.80879E-15,0.25};
ST (0.669595,0.334123,0,0.5,0,0,1,0,0) {0.112541,0.25,1};
ST (0.504914,0.501654,0,0.669222,0.667849,0,0.336056,0.668219,0) {1.06276E-05,1.88513E-06,0.110332};
ST (0.669222,0.667849,0,0.5,1,0,0.336056,0.668219,0) {1.88513E-06,0.25,0.110332};
ST (0.669222,0.667849,0,1,1,0,0.5,1,0) {1.88513E-06,2.8992E-15,0.25};
ST (0.336056,0.668219,0,0.5,1,0,0,1,0) {0.110332,0.25,1};
};