View "Exported field " {
ST (0,0,0,1,0,0,0,1,0) {-1.2306E-13,1,1};
ST (1,0,0,1,1,0,0,1,0) {1,2.60327E-13,1};
};