View "Exported field " {
ST (0,0,0,1,0,0,0,1,0) {-1.37808E-13,1,-1};
};