View "Exported field " {
ST (0,1,0,0,0.5,0,0.336056,0.668219,0) {-1,-0.5,-0.332163};
ST (0,0.5,0,0.336106,0.334176,0,0.336056,0.668219,0) {-0.5,0.00193,-0.332163};
ST (0,0.5,0,0,0,0,0.336106,0.334176,0) {-0.5,1.5512E-15,0.00193};
ST (0.336056,0.668219,0,0.336106,0.334176,0,0.504914,0.501654,0) {-0.332163,0.00193,0.00326};
ST (1,0,0,1,0.5,0,0.669595,0.334123,0) {1,0.5,0.335472};
ST (1,0.5,0,0.669222,0.667849,0,0.669595,0.334123,0) {0.5,0.001373,0.335472};
ST (1,0.5,0,1,1,0,0.669222,0.667849,0) {0.5,-1.36964E-15,0.001373};
ST (0.669595,0.334123,0,0.669222,0.667849,0,0.504914,0.501654,0) {0.335472,0.001373,0.00326};
ST (0.504914,0.501654,0,0.336106,0.334176,0,0.669595,0.334123,0) {0.00326,0.00193,0.335472};
ST (0.336106,0.334176,0,0.5,0,0,0.669595,0.334123,0) {0.00193,0.5,0.335472};
ST (0.336106,0.334176,0,0,0,0,0.5,0,0) {0.00193,1.42137E-15,0.5};
ST (0.669595,0.334123,0,0.5,0,0,1,0,0) {0.335472,0.5,1};
ST (0.504914,0.501654,0,0.669222,0.667849,0,0.336056,0.668219,0) {0.00326,0.001373,-0.332163};
ST (0.669222,0.667849,0,0.5,1,0,0.336056,0.668219,0) {0.001373,-0.5,-0.332163};
ST (0.669222,0.667849,0,1,1,0,0.5,1,0) {0.001373,-1.24799E-15,-0.5};
ST (0.336056,0.668219,0,0.5,1,0,0,1,0) {-0.332163,-0.5,-1};
};