View "Exported field " {
ST (0,1,0,0,0.5,0,0.336056,0.668219,0) {-1,-0.125,-0.0366483};
ST (0,0.5,0,0.336106,0.334176,0,0.336056,0.668219,0) {-0.125,7.18619E-09,-0.0366483};
ST (0,0.5,0,0,0,0,0.336106,0.334176,0) {-0.125,-7.8198E-12,7.19051E-09};
ST (0.336056,0.668219,0,0.336106,0.334176,0,0.504914,0.501654,0) {-0.0366483,7.18673E-09,3.46464E-08};
ST (1,0,0,1,0.5,0,0.669595,0.334123,0) {1,0.125,0.0377545};
ST (1,0.5,0,0.669222,0.667849,0,0.669595,0.334123,0) {0.125,2.59109E-09,0.0377545};
ST (1,0.5,0,1,1,0,0.669222,0.667849,0) {0.125,7.7652E-12,2.58684E-09};
ST (0.669595,0.334123,0,0.669222,0.667849,0,0.504914,0.501654,0) {0.0377545,2.5906E-09,3.46455E-08};
ST (0.504914,0.501654,0,0.336106,0.334176,0,0.669595,0.334123,0) {3.46457E-08,7.1891E-09,0.0377545};
ST (0.336106,0.334176,0,0.5,0,0,0.669595,0.334123,0) {7.20424E-09,0.125,0.0377545};
ST (0.336106,0.334176,0,0,0,0,0.5,0,0) {7.18816E-09,1.30164E-13,0.125};
ST (0.669595,0.334123,0,0.5,0,0,1,0,0) {0.0377545,0.125,1};
ST (0.504914,0.501654,0,0.669222,0.667849,0,0.336056,0.668219,0) {3.46463E-08,2.58825E-09,-0.0366483};
ST (0.669222,0.667849,0,0.5,1,0,0.336056,0.668219,0) {2.57284E-09,-0.125,-0.0366483};
ST (0.669222,0.667849,0,1,1,0,0.5,1,0) {2.58924E-09,-1.22416E-13,-0.125};
ST (0.336056,0.668219,0,0.5,1,0,0,1,0) {-0.0366483,-0.125,-1};
};