View "Exported field " {
ST (0,1,0,0,0.5,0,0.336056,0.668219,0) {-1,-0.125,-0.0366483};
ST (0,0.5,0,0.336106,0.334176,0,0.336056,0.668219,0) {-0.125,7.18902E-09,-0.0366483};
ST (0,0.5,0,0,0,0,0.336106,0.334176,0) {-0.125,-5.11529E-14,7.18908E-09};
ST (0.336056,0.668219,0,0.336106,0.334176,0,0.504914,0.501654,0) {-0.0366483,7.18904E-09,3.4646E-08};
ST (1,0,0,1,0.5,0,0.669595,0.334123,0) {1,0.125,0.0377545};
ST (1,0.5,0,0.669222,0.667849,0,0.669595,0.334123,0) {0.125,2.58832E-09,0.0377545};
ST (1,0.5,0,1,1,0,0.669222,0.667849,0) {0.125,5.10039E-14,2.58826E-09};
ST (0.669595,0.334123,0,0.669222,0.667849,0,0.504914,0.501654,0) {0.0377545,2.5883E-09,3.4646E-08};
ST (0.504914,0.501654,0,0.336106,0.334176,0,0.669595,0.334123,0) {3.4646E-08,7.18906E-09,0.0377545};
ST (0.336106,0.334176,0,0.5,0,0,0.669595,0.334123,0) {7.18903E-09,0.125,0.0377545};
ST (0.336106,0.334176,0,0,0,0,0.5,0,0) {7.18904E-09,2.33441E-15,0.125};
ST (0.669595,0.334123,0,0.5,0,0,1,0,0) {0.0377545,0.125,1};
ST (0.504914,0.501654,0,0.669222,0.667849,0,0.336056,0.668219,0) {3.4646E-08,2.58828E-09,-0.0366483};
ST (0.669222,0.667849,0,0.5,1,0,0.336056,0.668219,0) {2.58831E-09,-0.125,-0.0366483};
ST (0.669222,0.667849,0,1,1,0,0.5,1,0) {2.5883E-09,-2.34641E-15,-0.125};
ST (0.336056,0.668219,0,0.5,1,0,0,1,0) {-0.0366483,-0.125,-1};
};