View "Exported field " {
ST (0,0,0,1,0,0,0,1,0) {1.24688E-15,1,-1};
};