View "Exported field " {
ST (0,0,0,1,0,0,0,1,0) {-1.35542E-11,1,1};
ST (1,0,0,1,1,0,0,1,0) {1,2.51599E-11,1};
};