View "Exported field " {
ST (0,0,0,1,0,0,0,1,0) {1.77156E-12,1,-1};
};