View "Exported field " {
ST (0,0,0,1,0,0,0,1,0) {2.56875E-05,0.999992,-1.00001};
};