View "Exported field " {
ST (0,0,0,1,0,0,0,1,0) {-12.1643,0.74204,-3.59436};
};