View "Exported field " {
ST (0,0,0,1,0,0,0,1,0) {-6.01605E-06,0.999998,-1};
};