View "Exported field " {
ST (0,0,0,1,0,0,0,1,0) {-0.252981,1.4935,1.4935};
};