View "Exported field " {
ST (0,0,0,1,0,0,0,1,0) {7.13178,0.0820149,-0.747124};
};