View "Exported field " {
ST (0,0,0,1,0,0,0,1,0) {3.36709E-08,1,-1};
};