View "Exported field " {
ST (0,0,0,1,0,0,0,1,0) {-4.43342,1.55969,0.992153};
};