View "Exported field " {
ST (0,0,0,1,0,0,0,1,0) {-1.27542,1.7028,1.13525};
};