View "Exported field " {
ST (0,0,0,1,0,0,0,1,0) {-6.67186E-08,1,-0.999999};
};