View "Exported field " {
ST (0,0,0,1,0,0,0,1,0) {-4.55056E-05,1.595,-1.59499};
};