View "Exported field " {
ST (0,0,0,1,0,0,0,1,0) {9.34814E-06,1.42992,-1.42994};
};