View "Exported field " {
ST (0,0,0,1,0,0,0,1,0) {-77.3675,34.0499,-57.0264};
};