View "Exported field " {
ST (0,0,0,1,0,0,0,1,0) {2.23753E-05,0.99999,-0.999991};
};