View "Exported field " {
ST (0,0,0,1,0,0,0,1,0) {1.23078E-07,1,-1};
};