View "Exported field " {
ST (0,0,0,1,0,0,0,1,0) {-42.0435,49.8982,-41.151};
};