View "Exported field " {
ST (0,0,0,1,0,0,0,1,0) {0.00248681,1.00027,-0.999371};
};