View "Exported field " {
ST (0,0,0,1,0,0,0,1,0) {1.18913,-0.791047,-0.904276};
};