View "Exported field " {
ST (0,0,0,1,0,0,0,1,0) {-0.00886697,17.9269,-17.9357};
};