View "Exported field " {
ST (0,0,0,1,0,0,0,1,0) {-1.03706,-5.90793,-4.20772};
};