View "Exported field " {
ST (0,0,0,1,0,0,0,1,0) {-0.206667,0.353333,0.353333};
};