View "Exported field " {
ST (0,0,0,1,0,0,0,1,0) {0.253844,1.16521,1.16521};
ST (1,0,0,1,1,0,0,1,0) {0.885205,-0.152876,0.885205};
};