View "Exported field " {
ST (0,0,0,1,0,0,0,1,0) {-1.74851E-09,1.0656,-1.0656};
ST (1,0,0,1,1,0,0,1,0) {0.9456,2.51295E-13,-0.9456};
};