View "Exported field " {
ST (0,0,0,1,0,0,0,1,0) {4.62977E-09,1.28902,-1.28902};
};