View "Exported field " {
ST (0,0,0,1,0,0,0,1,0) {0.292222,1.72387,-1.0889};
ST (1,0,0,1,1,0,0,1,0) {0.381171,-0.307178,-0.941425};
};