View "Exported field " {
ST (0.000000,0.000000,0,1.000000,0.000000,0,0.000000,1.000000,0) {0.806623,1.142504,0.835398};
ST (1.000000,0.000000,0,1.000000,1.000000,0,0.000000,1.000000,0) {0.852077,1.206320,1.123159};
};