View "Exported field " {
ST (0,0,0,1,0,0,0,1,0) {-1.05001E-06,1.00075,-1.00075};
};