View "Exported field " {
ST (0,0,0,1,0,0,0,1,0) {8.41773E-09,0.25,-0.25};
};