View "Exported field " {
ST (0,0,0,1,0,0,0,1,0) {-0.15368,1.20746,1.20746};
};