View "Exported field " {
ST (0,0,0,1,0,0,0,1,0) {2.89284E-08,0.692456,-0.692455};
};