View "Exported field " {
ST (0,0,0,1,0,0,0,1,0) {0.113036,0.563348,0.563348};
};