View "Exported field " {
ST (0,0,0,1,0,0,0,1,0) {0.086,1.0215,1.0215};
ST (1,0,0,1,1,0,0,1,0) {0.9815,-0.074,0.9815};
};