View "Exported field " {
ST (0.000000,0.000000,0,1.000000,0.000000,0,0.000000,1.000000,0) {0.880303,0.904631,0.848628};
ST (1.000000,0.000000,0,1.000000,1.000000,0,0.000000,1.000000,0) {1.094714,1.120297,1.138233};
};