View "Exported field " {
ST (0,0,0,1,0,0,0,1,0) {6.47407E-08,1.26926,-1.26926};
ST (1,0,0,1,1,0,0,1,0) {0.818996,-3.60971E-09,-0.818996};
};